feature@org.eclipse.tigerstripe.workbench=HEAD,:pserver:anonymous@dev.eclipse.org:/cvsroot/technology,,org.eclipse.tigerstripe/features/org.eclipse.tigerstripe.workbench
plugin@org.eclipse.tigerstripe.workbench.ui.visualeditor.adaptation=HEAD,:pserver:anonymous@dev.eclipse.org:/cvsroot/technology,,org.eclipse.tigerstripe/plugins/org.eclipse.tigerstripe.workbench.ui.visualeditor.adaptation
plugin@org.eclipse.tigerstripe.workbench.ui.base=HEAD,:pserver:anonymous@dev.eclipse.org:/cvsroot/technology,,org.eclipse.tigerstripe/plugins/org.eclipse.tigerstripe.workbench.ui.base
plugin@org.eclipse.tigerstripe.workbench.ui.visualeditor=HEAD,:pserver:anonymous@dev.eclipse.org:/cvsroot/technology,,org.eclipse.tigerstripe/plugins/org.eclipse.tigerstripe.workbench.ui.visualeditor
plugin@org.eclipse.tigerstripe.workbench.ui.visualeditor.diagram=HEAD,:pserver:anonymous@dev.eclipse.org:/cvsroot/technology,,org.eclipse.tigerstripe/plugins/org.eclipse.tigerstripe.workbench.ui.visualeditor.diagram
plugin@org.eclipse.tigerstripe.workbench.ui.visualeditor.edit=HEAD,:pserver:anonymous@dev.eclipse.org:/cvsroot/technology,,org.eclipse.tigerstripe/plugins/org.eclipse.tigerstripe.workbench.ui.visualeditor.edit
plugin@org.eclipse.tigerstripe.workbench.branding=HEAD,:pserver:anonymous@dev.eclipse.org:/cvsroot/technology,,org.eclipse.tigerstripe/plugins/org.eclipse.tigerstripe.workbench.branding
plugin@org.eclipse.tigerstripe.workbench.optional.bulkImport=HEAD,:pserver:anonymous@dev.eclipse.org:/cvsroot/technology,,org.eclipse.tigerstripe/plugins/org.eclipse.tigerstripe.workbench.optional.bulkImport
plugin@org.eclipse.tigerstripe.workbench.optional.UML2Export=HEAD,:pserver:anonymous@dev.eclipse.org:/cvsroot/technology,,org.eclipse.tigerstripe/plugins/org.eclipse.tigerstripe.workbench.optional.UML2Export
plugin@org.eclipse.tigerstripe.workbench.ui.instancediagram=HEAD,:pserver:anonymous@dev.eclipse.org:/cvsroot/technology,,org.eclipse.tigerstripe/plugins/org.eclipse.tigerstripe.workbench.ui.instancediagram
plugin@org.eclipse.tigerstripe.workbench.ui.instancediagram.adaptation=HEAD,:pserver:anonymous@dev.eclipse.org:/cvsroot/technology,,org.eclipse.tigerstripe/plugins/org.eclipse.tigerstripe.workbench.ui.instancediagram.adaptation
plugin@org.eclipse.tigerstripe.workbench.ui.instancediagram.diagram=HEAD,:pserver:anonymous@dev.eclipse.org:/cvsroot/technology,,org.eclipse.tigerstripe/plugins/org.eclipse.tigerstripe.workbench.ui.instancediagram.diagram
plugin@org.eclipse.tigerstripe.workbench.ui.instancediagram.edit=HEAD,:pserver:anonymous@dev.eclipse.org:/cvsroot/technology,,org.eclipse.tigerstripe/plugins/org.eclipse.tigerstripe.workbench.ui.instancediagram.edit
plugin@org.eclipse.tigerstripe.workbench.ui.diagramrendering=HEAD,:pserver:anonymous@dev.eclipse.org:/cvsroot/technology,,org.eclipse.tigerstripe/plugins/org.eclipse.tigerstripe.workbench.ui.diagramrendering
plugin@org.eclipse.tigerstripe.workbench.ui.UML2Import=HEAD,:pserver:anonymous@dev.eclipse.org:/cvsroot/technology,,org.eclipse.tigerstripe/plugins/org.eclipse.tigerstripe.workbench.ui.UML2Import
plugin@org.eclipse.tigerstripe.annotation.tsmodel.ui=HEAD,:pserver:anonymous@dev.eclipse.org:/cvsroot/technology,,org.eclipse.tigerstripe/plugins/org.eclipse.tigerstripe.annotation.tsmodel.ui
feature@org.eclipse.tigerstripe.base=HEAD,:pserver:anonymous@dev.eclipse.org:/cvsroot/technology,,org.eclipse.tigerstripe/features/org.eclipse.tigerstripe.base
plugin@org.eclipse.tigerstripe.metamodel=HEAD,:pserver:anonymous@dev.eclipse.org:/cvsroot/technology,,org.eclipse.tigerstripe/plugins/org.eclipse.tigerstripe.metamodel
plugin@org.eclipse.tigerstripe.workbench.base=HEAD,:pserver:anonymous@dev.eclipse.org:/cvsroot/technology,,org.eclipse.tigerstripe/plugins/org.eclipse.tigerstripe.workbench.base
plugin@org.eclipse.tigerstripe.annotation.ts2project.router=HEAD,:pserver:anonymous@dev.eclipse.org:/cvsroot/technology,,org.eclipse.tigerstripe/plugins/org.eclipse.tigerstripe.annotation.ts2project.router
plugin@org.eclipse.tigerstripe.annotation.tsmodel=HEAD,:pserver:anonymous@dev.eclipse.org:/cvsroot/technology,,org.eclipse.tigerstripe/plugins/org.eclipse.tigerstripe.annotation.tsmodel
plugin@org.eclipse.tigerstripe.workbench.headless=HEAD,:pserver:anonymous@dev.eclipse.org:/cvsroot/technology,,org.eclipse.tigerstripe/plugins/org.eclipse.tigerstripe.workbench.headless
plugin@org.eclipse.tigerstripe.workbench.help=HEAD,:pserver:anonymous@dev.eclipse.org:/cvsroot/technology,,org.eclipse.tigerstripe/plugins/org.eclipse.tigerstripe.workbench.help
plugin@org.eclipse.tigerstripe.repository.core=HEAD,:pserver:anonymous@dev.eclipse.org:/cvsroot/technology,,org.eclipse.tigerstripe/plugins/org.eclipse.tigerstripe.repository.core
feature@org.eclipse.tigerstripe.annotation.feature=HEAD,:pserver:anonymous@dev.eclipse.org:/cvsroot/technology,,org.eclipse.tigerstripe/features/org.eclipse.tigerstripe.annotation.feature
plugin@org.eclipse.tigerstripe.annotation.core=HEAD,:pserver:anonymous@dev.eclipse.org:/cvsroot/technology,,org.eclipse.tigerstripe/plugins/org.eclipse.tigerstripe.annotation.core
plugin@org.eclipse.tigerstripe.annotation.resource=HEAD,:pserver:anonymous@dev.eclipse.org:/cvsroot/technology,,org.eclipse.tigerstripe/plugins/org.eclipse.tigerstripe.annotation.resource
plugin@org.eclipse.tigerstripe.annotation.resource.ui=HEAD,:pserver:anonymous@dev.eclipse.org:/cvsroot/technology,,org.eclipse.tigerstripe/plugins/org.eclipse.tigerstripe.annotation.resource.ui
plugin@org.eclipse.tigerstripe.annotation.ui=HEAD,:pserver:anonymous@dev.eclipse.org:/cvsroot/technology,,org.eclipse.tigerstripe/plugins/org.eclipse.tigerstripe.annotation.ui
plugin@org.eclipse.tigerstripe.espace.core=HEAD,:pserver:anonymous@dev.eclipse.org:/cvsroot/technology,,org.eclipse.tigerstripe/plugins/org.eclipse.tigerstripe.espace.core
plugin@org.eclipse.tigerstripe.espace.resources=HEAD,:pserver:anonymous@dev.eclipse.org:/cvsroot/technology,,org.eclipse.tigerstripe/plugins/org.eclipse.tigerstripe.espace.resources
plugin@org.eclipse.tigerstripe.espace.resources.monitor=HEAD,:pserver:anonymous@dev.eclipse.org:/cvsroot/technology,,org.eclipse.tigerstripe/plugins/org.eclipse.tigerstripe.espace.resources.monitor
feature@org.eclipse.tigerstripe.base.test_feature=HEAD,:pserver:anonymous@dev.eclipse.org:/cvsroot/technology,,org.eclipse.tigerstripe/features/org.eclipse.tigerstripe.base.test-feature
plugin@org.eclipse.tigerstripe.workbench.base.test=HEAD,:pserver:anonymous@dev.eclipse.org:/cvsroot/technology,,org.eclipse.tigerstripe/plugins/org.eclipse.tigerstripe.workbench.base.test
feature@org.eclipse.tigerstripe.base=HEAD,:pserver:anonymous@dev.eclipse.org:/cvsroot/technology,,org.eclipse.tigerstripe/features/org.eclipse.tigerstripe.base
plugin@org.eclipse.tigerstripe.metamodel=HEAD,:pserver:anonymous@dev.eclipse.org:/cvsroot/technology,,org.eclipse.tigerstripe/plugins/org.eclipse.tigerstripe.metamodel
plugin@org.eclipse.tigerstripe.workbench.base=HEAD,:pserver:anonymous@dev.eclipse.org:/cvsroot/technology,,org.eclipse.tigerstripe/plugins/org.eclipse.tigerstripe.workbench.base
plugin@org.eclipse.tigerstripe.annotation.ts2project.router=HEAD,:pserver:anonymous@dev.eclipse.org:/cvsroot/technology,,org.eclipse.tigerstripe/plugins/org.eclipse.tigerstripe.annotation.ts2project.router
plugin@org.eclipse.tigerstripe.annotation.tsmodel=HEAD,:pserver:anonymous@dev.eclipse.org:/cvsroot/technology,,org.eclipse.tigerstripe/plugins/org.eclipse.tigerstripe.annotation.tsmodel
plugin@org.eclipse.tigerstripe.workbench.headless=HEAD,:pserver:anonymous@dev.eclipse.org:/cvsroot/technology,,org.eclipse.tigerstripe/plugins/org.eclipse.tigerstripe.workbench.headless
plugin@org.eclipse.tigerstripe.workbench.help=HEAD,:pserver:anonymous@dev.eclipse.org:/cvsroot/technology,,org.eclipse.tigerstripe/plugins/org.eclipse.tigerstripe.workbench.help
plugin@org.eclipse.tigerstripe.repository.core=HEAD,:pserver:anonymous@dev.eclipse.org:/cvsroot/technology,,org.eclipse.tigerstripe/plugins/org.eclipse.tigerstripe.repository.core
feature@org.eclipse.tigerstripe.annotation.feature=HEAD,:pserver:anonymous@dev.eclipse.org:/cvsroot/technology,,org.eclipse.tigerstripe/features/org.eclipse.tigerstripe.annotation.feature
plugin@org.eclipse.tigerstripe.annotation.core=HEAD,:pserver:anonymous@dev.eclipse.org:/cvsroot/technology,,org.eclipse.tigerstripe/plugins/org.eclipse.tigerstripe.annotation.core
plugin@org.eclipse.tigerstripe.annotation.resource=HEAD,:pserver:anonymous@dev.eclipse.org:/cvsroot/technology,,org.eclipse.tigerstripe/plugins/org.eclipse.tigerstripe.annotation.resource
plugin@org.eclipse.tigerstripe.annotation.resource.ui=HEAD,:pserver:anonymous@dev.eclipse.org:/cvsroot/technology,,org.eclipse.tigerstripe/plugins/org.eclipse.tigerstripe.annotation.resource.ui
plugin@org.eclipse.tigerstripe.annotation.ui=HEAD,:pserver:anonymous@dev.eclipse.org:/cvsroot/technology,,org.eclipse.tigerstripe/plugins/org.eclipse.tigerstripe.annotation.ui
plugin@org.eclipse.tigerstripe.espace.core=HEAD,:pserver:anonymous@dev.eclipse.org:/cvsroot/technology,,org.eclipse.tigerstripe/plugins/org.eclipse.tigerstripe.espace.core
plugin@org.eclipse.tigerstripe.espace.resources=HEAD,:pserver:anonymous@dev.eclipse.org:/cvsroot/technology,,org.eclipse.tigerstripe/plugins/org.eclipse.tigerstripe.espace.resources
plugin@org.eclipse.tigerstripe.espace.resources.monitor=HEAD,:pserver:anonymous@dev.eclipse.org:/cvsroot/technology,,org.eclipse.tigerstripe/plugins/org.eclipse.tigerstripe.espace.resources.monitor
feature@org.eclipse.tigerstripe.workbench.ui.test.feature=HEAD,:pserver:anonymous@dev.eclipse.org:/cvsroot/technology,,org.eclipse.tigerstripe/features/org.eclipse.tigerstripe.workbench.ui.test.feature
plugin@org.eclipse.tigerstripe.workbench.ui.base.test=HEAD,:pserver:anonymous@dev.eclipse.org:/cvsroot/technology,,org.eclipse.tigerstripe/plugins/org.eclipse.tigerstripe.workbench.ui.base.test
feature@org.eclipse.tigerstripe.workbench=HEAD,:pserver:anonymous@dev.eclipse.org:/cvsroot/technology,,org.eclipse.tigerstripe/features/org.eclipse.tigerstripe.workbench
plugin@org.eclipse.tigerstripe.workbench.ui.visualeditor.adaptation=HEAD,:pserver:anonymous@dev.eclipse.org:/cvsroot/technology,,org.eclipse.tigerstripe/plugins/org.eclipse.tigerstripe.workbench.ui.visualeditor.adaptation
plugin@org.eclipse.tigerstripe.workbench.ui.base=HEAD,:pserver:anonymous@dev.eclipse.org:/cvsroot/technology,,org.eclipse.tigerstripe/plugins/org.eclipse.tigerstripe.workbench.ui.base
plugin@org.eclipse.tigerstripe.workbench.ui.visualeditor=HEAD,:pserver:anonymous@dev.eclipse.org:/cvsroot/technology,,org.eclipse.tigerstripe/plugins/org.eclipse.tigerstripe.workbench.ui.visualeditor
plugin@org.eclipse.tigerstripe.workbench.ui.visualeditor.diagram=HEAD,:pserver:anonymous@dev.eclipse.org:/cvsroot/technology,,org.eclipse.tigerstripe/plugins/org.eclipse.tigerstripe.workbench.ui.visualeditor.diagram
plugin@org.eclipse.tigerstripe.workbench.ui.visualeditor.edit=HEAD,:pserver:anonymous@dev.eclipse.org:/cvsroot/technology,,org.eclipse.tigerstripe/plugins/org.eclipse.tigerstripe.workbench.ui.visualeditor.edit
plugin@org.eclipse.tigerstripe.workbench.branding=HEAD,:pserver:anonymous@dev.eclipse.org:/cvsroot/technology,,org.eclipse.tigerstripe/plugins/org.eclipse.tigerstripe.workbench.branding
plugin@org.eclipse.tigerstripe.workbench.optional.bulkImport=HEAD,:pserver:anonymous@dev.eclipse.org:/cvsroot/technology,,org.eclipse.tigerstripe/plugins/org.eclipse.tigerstripe.workbench.optional.bulkImport
plugin@org.eclipse.tigerstripe.workbench.optional.UML2Export=HEAD,:pserver:anonymous@dev.eclipse.org:/cvsroot/technology,,org.eclipse.tigerstripe/plugins/org.eclipse.tigerstripe.workbench.optional.UML2Export
plugin@org.eclipse.tigerstripe.workbench.ui.instancediagram=HEAD,:pserver:anonymous@dev.eclipse.org:/cvsroot/technology,,org.eclipse.tigerstripe/plugins/org.eclipse.tigerstripe.workbench.ui.instancediagram
plugin@org.eclipse.tigerstripe.workbench.ui.instancediagram.adaptation=HEAD,:pserver:anonymous@dev.eclipse.org:/cvsroot/technology,,org.eclipse.tigerstripe/plugins/org.eclipse.tigerstripe.workbench.ui.instancediagram.adaptation
plugin@org.eclipse.tigerstripe.workbench.ui.instancediagram.diagram=HEAD,:pserver:anonymous@dev.eclipse.org:/cvsroot/technology,,org.eclipse.tigerstripe/plugins/org.eclipse.tigerstripe.workbench.ui.instancediagram.diagram
plugin@org.eclipse.tigerstripe.workbench.ui.instancediagram.edit=HEAD,:pserver:anonymous@dev.eclipse.org:/cvsroot/technology,,org.eclipse.tigerstripe/plugins/org.eclipse.tigerstripe.workbench.ui.instancediagram.edit
plugin@org.eclipse.tigerstripe.workbench.ui.diagramrendering=HEAD,:pserver:anonymous@dev.eclipse.org:/cvsroot/technology,,org.eclipse.tigerstripe/plugins/org.eclipse.tigerstripe.workbench.ui.diagramrendering
plugin@org.eclipse.tigerstripe.workbench.ui.UML2Import=HEAD,:pserver:anonymous@dev.eclipse.org:/cvsroot/technology,,org.eclipse.tigerstripe/plugins/org.eclipse.tigerstripe.workbench.ui.UML2Import
plugin@org.eclipse.tigerstripe.annotation.tsmodel.ui=HEAD,:pserver:anonymous@dev.eclipse.org:/cvsroot/technology,,org.eclipse.tigerstripe/plugins/org.eclipse.tigerstripe.annotation.tsmodel.ui
feature@org.eclipse.tigerstripe.base=HEAD,:pserver:anonymous@dev.eclipse.org:/cvsroot/technology,,org.eclipse.tigerstripe/features/org.eclipse.tigerstripe.base
plugin@org.eclipse.tigerstripe.metamodel=HEAD,:pserver:anonymous@dev.eclipse.org:/cvsroot/technology,,org.eclipse.tigerstripe/plugins/org.eclipse.tigerstripe.metamodel
plugin@org.eclipse.tigerstripe.workbench.base=HEAD,:pserver:anonymous@dev.eclipse.org:/cvsroot/technology,,org.eclipse.tigerstripe/plugins/org.eclipse.tigerstripe.workbench.base
plugin@org.eclipse.tigerstripe.annotation.ts2project.router=HEAD,:pserver:anonymous@dev.eclipse.org:/cvsroot/technology,,org.eclipse.tigerstripe/plugins/org.eclipse.tigerstripe.annotation.ts2project.router
plugin@org.eclipse.tigerstripe.annotation.tsmodel=HEAD,:pserver:anonymous@dev.eclipse.org:/cvsroot/technology,,org.eclipse.tigerstripe/plugins/org.eclipse.tigerstripe.annotation.tsmodel
plugin@org.eclipse.tigerstripe.workbench.headless=HEAD,:pserver:anonymous@dev.eclipse.org:/cvsroot/technology,,org.eclipse.tigerstripe/plugins/org.eclipse.tigerstripe.workbench.headless
plugin@org.eclipse.tigerstripe.workbench.help=HEAD,:pserver:anonymous@dev.eclipse.org:/cvsroot/technology,,org.eclipse.tigerstripe/plugins/org.eclipse.tigerstripe.workbench.help
plugin@org.eclipse.tigerstripe.repository.core=HEAD,:pserver:anonymous@dev.eclipse.org:/cvsroot/technology,,org.eclipse.tigerstripe/plugins/org.eclipse.tigerstripe.repository.core
feature@org.eclipse.tigerstripe.annotation.feature=HEAD,:pserver:anonymous@dev.eclipse.org:/cvsroot/technology,,org.eclipse.tigerstripe/features/org.eclipse.tigerstripe.annotation.feature
plugin@org.eclipse.tigerstripe.annotation.core=HEAD,:pserver:anonymous@dev.eclipse.org:/cvsroot/technology,,org.eclipse.tigerstripe/plugins/org.eclipse.tigerstripe.annotation.core
plugin@org.eclipse.tigerstripe.annotation.resource=HEAD,:pserver:anonymous@dev.eclipse.org:/cvsroot/technology,,org.eclipse.tigerstripe/plugins/org.eclipse.tigerstripe.annotation.resource
plugin@org.eclipse.tigerstripe.annotation.resource.ui=HEAD,:pserver:anonymous@dev.eclipse.org:/cvsroot/technology,,org.eclipse.tigerstripe/plugins/org.eclipse.tigerstripe.annotation.resource.ui
plugin@org.eclipse.tigerstripe.annotation.ui=HEAD,:pserver:anonymous@dev.eclipse.org:/cvsroot/technology,,org.eclipse.tigerstripe/plugins/org.eclipse.tigerstripe.annotation.ui
plugin@org.eclipse.tigerstripe.espace.core=HEAD,:pserver:anonymous@dev.eclipse.org:/cvsroot/technology,,org.eclipse.tigerstripe/plugins/org.eclipse.tigerstripe.espace.core
plugin@org.eclipse.tigerstripe.espace.resources=HEAD,:pserver:anonymous@dev.eclipse.org:/cvsroot/technology,,org.eclipse.tigerstripe/plugins/org.eclipse.tigerstripe.espace.resources
plugin@org.eclipse.tigerstripe.espace.resources.monitor=HEAD,:pserver:anonymous@dev.eclipse.org:/cvsroot/technology,,org.eclipse.tigerstripe/plugins/org.eclipse.tigerstripe.espace.resources.monitor
