!===========================================

feature@org.eclipse.tigerstripe.annotation.feature=v200809231222,:pserver:anonymous@dev.eclipse.org:/cvsroot/technology,,org.eclipse.tigerstripe/features/org.eclipse.tigerstripe.annotation.feature


!==========================================
! The base annotation Stuff
plugin@org.eclipse.tigerstripe.annotation.core=v200809231222,:pserver:anonymous@dev.eclipse.org:/cvsroot/technology,,org.eclipse.tigerstripe/plugins/org.eclipse.tigerstripe.annotation.core
plugin@org.eclipse.tigerstripe.annotation.ui=v200809231222,:pserver:anonymous@dev.eclipse.org:/cvsroot/technology,,org.eclipse.tigerstripe/plugins/org.eclipse.tigerstripe.annotation.ui
plugin@org.eclipse.tigerstripe.annotation.ui.diagrams=v200809231222,:pserver:anonymous@dev.eclipse.org:/cvsroot/technology,,org.eclipse.tigerstripe/plugins/org.eclipse.tigerstripe.annotation.ui.diagrams
plugin@org.eclipse.tigerstripe.espace.core=v200809231222,:pserver:anonymous@dev.eclipse.org:/cvsroot/technology,,org.eclipse.tigerstripe/plugins/org.eclipse.tigerstripe.espace.core
plugin@org.eclipse.tigerstripe.espace.resources=v200809231222,:pserver:anonymous@dev.eclipse.org:/cvsroot/technology,,org.eclipse.tigerstripe/plugins/org.eclipse.tigerstripe.espace.resources
plugin@org.eclipse.tigerstripe.espace.resources.monitor=v200809231222,:pserver:anonymous@dev.eclipse.org:/cvsroot/technology,,org.eclipse.tigerstripe/plugins/org.eclipse.tigerstripe.espace.resources.monitor

!==========================================
! Annotation - Resource integration
plugin@org.eclipse.tigerstripe.annotation.resource=v200809231222,:pserver:anonymous@dev.eclipse.org:/cvsroot/technology,,org.eclipse.tigerstripe/plugins/org.eclipse.tigerstripe.annotation.resource
plugin@org.eclipse.tigerstripe.annotation.resource.ui=v200809231222,:pserver:anonymous@dev.eclipse.org:/cvsroot/technology,,org.eclipse.tigerstripe/plugins/org.eclipse.tigerstripe.annotation.resource.ui
plugin@org.eclipse.tigerstripe.annotation.resource.ui.refactoring=v200809231222,:pserver:anonymous@dev.eclipse.org:/cvsroot/technology,,org.eclipse.tigerstripe/plugins/org.eclipse.tigerstripe.annotation.resource.ui.refactoring

!==========================================
! Annotation - JavaElement Integration
plugin@org.eclipse.tigerstripe.annotation.java=v200809231222,:pserver:anonymous@dev.eclipse.org:/cvsroot/technology,,org.eclipse.tigerstripe/plugins/org.eclipse.tigerstripe.annotation.java
plugin@org.eclipse.tigerstripe.annotation.java.ui=v200809231222,:pserver:anonymous@dev.eclipse.org:/cvsroot/technology,,org.eclipse.tigerstripe/plugins/org.eclipse.tigerstripe.annotation.java.ui
plugin@org.eclipse.tigerstripe.annotation.java.ui.refactoring=v200809231222,:pserver:anonymous@dev.eclipse.org:/cvsroot/technology,,org.eclipse.tigerstripe/plugins/org.eclipse.tigerstripe.annotation.java.ui.refactoring

!==========================================
! Annotation - Tigerstripe Integration
